
Merging program properties

Removed property 0xc0000002 to merge binaries/ascdate.o (0x3) and binaries/start.o (not found)
Removed property 0xc0000002 to merge binaries/ascdate.o (not found) and binaries/bufinit.o (0x3)
Removed property 0xc0000002 to merge binaries/ascdate.o (not found) and binaries/chprio.o (0x3)
Removed property 0xc0000002 to merge binaries/ascdate.o (not found) and binaries/clkhandler.o (0x3)
Removed property 0xc0000002 to merge binaries/ascdate.o (not found) and binaries/clkinit.o (0x3)
Removed property 0xc0000002 to merge binaries/ascdate.o (not found) and binaries/close.o (0x3)
Removed property 0xc0000002 to merge binaries/ascdate.o (not found) and binaries/conf.o (0x3)
Removed property 0xc0000002 to merge binaries/ascdate.o (not found) and binaries/control.o (0x3)
Removed property 0xc0000002 to merge binaries/ascdate.o (not found) and binaries/create.o (0x3)
Removed property 0xc0000002 to merge binaries/ascdate.o (not found) and binaries/evec.o (0x3)
Removed property 0xc0000002 to merge binaries/ascdate.o (not found) and binaries/exit.o (0x3)
Removed property 0xc0000002 to merge binaries/ascdate.o (not found) and binaries/freebuf.o (0x3)
Removed property 0xc0000002 to merge binaries/ascdate.o (not found) and binaries/freemem.o (0x3)
Removed property 0xc0000002 to merge binaries/ascdate.o (not found) and binaries/getbuf.o (0x3)
Removed property 0xc0000002 to merge binaries/ascdate.o (not found) and binaries/getc.o (0x3)
Removed property 0xc0000002 to merge binaries/ascdate.o (not found) and binaries/getdev.o (0x3)
Removed property 0xc0000002 to merge binaries/ascdate.o (not found) and binaries/getitem.o (0x3)
Removed property 0xc0000002 to merge binaries/ascdate.o (not found) and binaries/getmem.o (0x3)
Removed property 0xc0000002 to merge binaries/ascdate.o (not found) and binaries/getpid.o (0x3)
Removed property 0xc0000002 to merge binaries/ascdate.o (not found) and binaries/getprio.o (0x3)
Removed property 0xc0000002 to merge binaries/ascdate.o (not found) and binaries/getstk.o (0x3)
Removed property 0xc0000002 to merge binaries/ascdate.o (not found) and binaries/getticks.o (0x3)
Removed property 0xc0000002 to merge binaries/ascdate.o (not found) and binaries/gettime.o (0x3)
Removed property 0xc0000002 to merge binaries/ascdate.o (not found) and binaries/getutime.o (0x3)
Removed property 0xc0000002 to merge binaries/ascdate.o (not found) and binaries/init.o (0x3)
Removed property 0xc0000002 to merge binaries/ascdate.o (not found) and binaries/initialize.o (0x3)
Removed property 0xc0000002 to merge binaries/ascdate.o (not found) and binaries/insert.o (0x3)
Removed property 0xc0000002 to merge binaries/ascdate.o (not found) and binaries/insertd.o (0x3)
Removed property 0xc0000002 to merge binaries/ascdate.o (not found) and binaries/ioerr.o (0x3)
Removed property 0xc0000002 to merge binaries/ascdate.o (not found) and binaries/ionull.o (0x3)
Removed property 0xc0000002 to merge binaries/ascdate.o (not found) and binaries/kill.o (0x3)
Removed property 0xc0000002 to merge binaries/ascdate.o (not found) and binaries/kprintf.o (0x3)
Removed property 0xc0000002 to merge binaries/ascdate.o (not found) and binaries/main.o (0x3)
Removed property 0xc0000002 to merge binaries/ascdate.o (not found) and binaries/mark.o (0x3)
Removed property 0xc0000002 to merge binaries/ascdate.o (not found) and binaries/meminit.o (0x3)
Removed property 0xc0000002 to merge binaries/ascdate.o (not found) and binaries/mkbufpool.o (0x3)
Removed property 0xc0000002 to merge binaries/ascdate.o (not found) and binaries/newqueue.o (0x3)
Removed property 0xc0000002 to merge binaries/ascdate.o (not found) and binaries/open.o (0x3)
Removed property 0xc0000002 to merge binaries/ascdate.o (not found) and binaries/panic.o (0x3)
Removed property 0xc0000002 to merge binaries/ascdate.o (not found) and binaries/platinit.o (0x3)
Removed property 0xc0000002 to merge binaries/ascdate.o (not found) and binaries/ptclear.o (0x3)
Removed property 0xc0000002 to merge binaries/ascdate.o (not found) and binaries/ptcount.o (0x3)
Removed property 0xc0000002 to merge binaries/ascdate.o (not found) and binaries/ptcreate.o (0x3)
Removed property 0xc0000002 to merge binaries/ascdate.o (not found) and binaries/ptdelete.o (0x3)
Removed property 0xc0000002 to merge binaries/ascdate.o (not found) and binaries/ptinit.o (0x3)
Removed property 0xc0000002 to merge binaries/ascdate.o (not found) and binaries/ptrecv.o (0x3)
Removed property 0xc0000002 to merge binaries/ascdate.o (not found) and binaries/ptreset.o (0x3)
Removed property 0xc0000002 to merge binaries/ascdate.o (not found) and binaries/ptsend.o (0x3)
Removed property 0xc0000002 to merge binaries/ascdate.o (not found) and binaries/putc.o (0x3)
Removed property 0xc0000002 to merge binaries/ascdate.o (not found) and binaries/queue.o (0x3)
Removed property 0xc0000002 to merge binaries/ascdate.o (not found) and binaries/read.o (0x3)
[...]
Memory Configuration

Name             Origin             Length             Attributes
*default*        0x0000000000000000 0xffffffffffffffff

Linker script and memory map

                0x0000000000100000                physbase = 0x100000
                0x0000000000100000                . = physbase
                0x0000000000100000                . = ALIGN (0x1000)

.text           0x0000000000100000     0xf000
                0x0000000000100000                text = ABSOLUTE (.)
 *(.text .text.*)
 .text          0x0000000000100000      0x1b4 binaries/start.o
                0x0000000000100024                start
                0x00000000001000f6                inb
                0x00000000001000fe                inw
                0x0000000000100107                inl
                0x000000000010010f                outb
                0x0000000000100119                outw
                0x0000000000100124                outl
                0x000000000010012e                _rtcin
                0x0000000000100139                ___udivsi3
                0x0000000000100144                ___divsi3
                0x0000000000100150                sbzero
                0x0000000000100160                insw
                0x0000000000100176                outsw
                0x000000000010018c                bcopy
                0x00000000001001a0                lidt
                0x00000000001001a8                cpuid
 .text          0x00000000001001b4      0x408 binaries/ascdate.o
                0x00000000001001b4                ascdate
 .text.__x86.get_pc_thunk.cx
                0x00000000001005bc        0x4 binaries/ascdate.o
                0x00000000001005bc                __x86.get_pc_thunk.cx
 .text          0x00000000001005c0       0x24 binaries/bufinit.o
                0x00000000001005c0                bufinit
 .text.__x86.get_pc_thunk.ax
                0x00000000001005e4        0x4 binaries/bufinit.o
                0x00000000001005e4                __x86.get_pc_thunk.ax
 .text          0x00000000001005e8       0x9a binaries/chprio.o
                0x00000000001005e8                chprio
 .text.__x86.get_pc_thunk.bx
                0x0000000000100682        0x4 binaries/chprio.o
                0x0000000000100682                __x86.get_pc_thunk.bx
 .text          0x0000000000100686      0x137 binaries/clkhandler.o
                0x0000000000100686                clkhandler
 .text          0x00000000001007bd       0xa5 binaries/clkinit.o
                0x00000000001007bd                clkinit
 .text          0x0000000000100862       0x8a binaries/close.o
                0x0000000000100862                close
 .text          0x00000000001008ec        0x0 binaries/conf.o
 .text          0x00000000001008ec       0x90 binaries/control.o
                0x00000000001008ec                control
 .text          0x000000000010097c      0x31d binaries/create.o
                0x000000000010097c                create
 .text          0x0000000000100c99      0x4c7 binaries/evec.o
                0x0000000000100c99                initevec
                0x0000000000100dae                set_evec
                0x0000000000100e70                _8259_setirmask
                0x0000000000100ee5                trap
 .text          0x0000000000101160       0x2d binaries/exit.o
                0x0000000000101160                exit
 .text          0x000000000010118d       0xa5 binaries/freebuf.o
                0x000000000010118d                freebuf
 .text          0x0000000000101232      0x199 binaries/freemem.o
                0x0000000000101232                freemem
 .text          0x00000000001013cb       0xa3 binaries/getbuf.o
                0x00000000001013cb                getbuf
 .text          0x000000000010146e       0x8a binaries/getc.o
                0x000000000010146e                getc
 .text          0x00000000001014f8       0x8a binaries/getdev.o
                0x00000000001014f8                getdev
 .text          0x0000000000101582      0x11d binaries/getitem.o
                0x0000000000101582                getfirst
                0x00000000001015dc                getlast
                0x0000000000101638                getitem
 .text.__x86.get_pc_thunk.dx
                0x000000000010169f        0x4 binaries/getitem.o
                0x000000000010169f                __x86.get_pc_thunk.dx
 .text          0x00000000001016a3      0x136 binaries/getmem.o
                0x00000000001016a3                getmem
 .text          0x00000000001017d9       0x1b binaries/getpid.o
                0x00000000001017d9                getpid
 .text          0x00000000001017f4       0x82 binaries/getprio.o
                0x00000000001017f4                getprio
 .text          0x0000000000101876      0x11d binaries/getstk.o
                0x0000000000101876                getstk
 .text          0x0000000000101993       0x24 binaries/getticks.o
                0x0000000000101993                getticks
 .text          0x00000000001019b7       0x18 binaries/gettime.o
                0x00000000001019b7                gettime
 .text          0x00000000001019cf       0x18 binaries/getutime.o
                0x00000000001019cf                getutime
 .text          0x00000000001019e7       0x8a binaries/init.o
                0x00000000001019e7                init
 .text          0x0000000000101a71      0x3d9 binaries/initialize.o
                0x0000000000101a71                nulluser
                0x0000000000101dcf                stop
                0x0000000000101e0e                delay
 .text          0x0000000000101e4a      0x1ba binaries/insert.o
                0x0000000000101e4a                getqueue_size
                0x0000000000101ec9                insert2ready
                0x0000000000101f35                insert
 .text          0x0000000000102004      0x13b binaries/insertd.o
                0x0000000000102004                insertd
 .text          0x000000000010213f       0x18 binaries/ioerr.o
                0x000000000010213f                ioerr
 .text          0x0000000000102157       0x18 binaries/ionull.o
                0x0000000000102157                ionull
 .text          0x000000000010216f      0x1c1 binaries/kill.o
                0x000000000010216f                kill
 .text          0x0000000000102330      0x1d6 binaries/kprintf.o
                0x0000000000102330                kputc
                0x00000000001023fc                kgetc
                0x00000000001024c6                kprintf
 .text          0x0000000000102506      0x1e7 binaries/main.o
                0x0000000000102506                sndA
                0x000000000010252d                sndB
                0x0000000000102554                busy_wait1
                0x0000000000102581                busy_wait2
                0x00000000001025ae                busy_wait3
                0x00000000001025db                busy_wait4
                0x0000000000102608                main
 .text          0x00000000001026ed       0xf6 binaries/mark.o
                0x00000000001026ed                markinit
                0x000000000010272a                mark
 .text          0x00000000001027e3      0x329 binaries/meminit.o
                0x00000000001027e3                meminit
                0x0000000000102a45                setsegs
 .text          0x0000000000102b0c      0x196 binaries/mkbufpool.o
                0x0000000000102b0c                mkbufpool
 .text          0x0000000000102ca2       0xbf binaries/newqueue.o
                0x0000000000102ca2                newqueue
 .text          0x0000000000102d61       0x90 binaries/open.o
                0x0000000000102d61                open
 .text          0x0000000000102df1       0x32 binaries/panic.o
                0x0000000000102df1                panic
 .text          0x0000000000102e23       0x31 binaries/platinit.o
                0x0000000000102e23                console_init
                0x0000000000102e3b                platinit
 .text          0x0000000000102e54      0x109 binaries/ptclear.o
                0x0000000000102e54                _ptclear
 .text          0x0000000000102f5d       0xb3 binaries/ptcount.o
                0x0000000000102f5d                ptcount
 .text          0x0000000000103010      0x138 binaries/ptcreate.o
                0x0000000000103010                ptcreate
 .text          0x0000000000103148       0x98 binaries/ptdelete.o
                0x0000000000103148                ptdelete
 .text          0x00000000001031e0       0xe9 binaries/ptinit.o
                0x00000000001031e0                ptinit
 .text          0x00000000001032c9      0x139 binaries/ptrecv.o
                0x00000000001032c9                ptrecv
 .text          0x0000000000103402       0x8d binaries/ptreset.o
                0x0000000000103402                ptreset
 .text          0x000000000010348f      0x15e binaries/ptsend.o
                0x000000000010348f                ptsend
 .text          0x00000000001035ed       0x95 binaries/putc.o
                0x00000000001035ed                putc
 .text          0x0000000000103682      0x147 binaries/queue.o
                0x0000000000103682                enqueue
                0x0000000000103740                dequeue
 .text          0x00000000001037c9       0x90 binaries/read.o
                0x00000000001037c9                read
 .text          0x0000000000103859       0x84 binaries/ready.o
                0x0000000000103859                ready
 .text          0x00000000001038dd       0x73 binaries/receive.o
                0x00000000001038dd                receive
 .text          0x0000000000103950       0x6f binaries/recvclr.o
                0x0000000000103950                recvclr
 .text          0x00000000001039bf       0xd4 binaries/recvtime.o
                0x00000000001039bf                recvtime
 .text          0x0000000000103a93       0x7c binaries/remain.o
                0x0000000000103a93                init_remain_time
                0x0000000000103ad1                retime
 .text          0x0000000000103b0f      0x369 binaries/resched.o
                0x0000000000103b0f                reset_remain_time
                0x0000000000103bb9                get_pid
                0x0000000000103c2b                mux_pid
                0x0000000000103cab                resched
                0x0000000000103dd7                resched_cntl
 .text          0x0000000000103e78       0xb7 binaries/resume.o
                0x0000000000103e78                resume
 .text          0x0000000000103f2f       0x8e binaries/seek.o
                0x0000000000103f2f                seek
 .text          0x0000000000103fbd       0x8b binaries/semcount.o
                0x0000000000103fbd                semcount
 .text          0x0000000000104048      0x108 binaries/semcreate.o
                0x0000000000104048                semcreate
 .text          0x0000000000104150       0xe3 binaries/semdelete.o
                0x0000000000104150                semdelete
 .text          0x0000000000104233       0xe7 binaries/semreset.o
                0x0000000000104233                semreset
 .text          0x000000000010431a       0xf3 binaries/send.o
                0x000000000010431a                send
 .text          0x000000000010440d       0xbe binaries/signal.o
                0x000000000010440d                signal
 .text          0x00000000001044cb       0xec binaries/signaln.o
                0x00000000001044cb                signaln
 .text          0x00000000001045b7      0x10f binaries/sleep.o
                0x00000000001045b7                sleep
                0x0000000000104613                sleepms
 .text          0x00000000001046c6      0x1ac binaries/stacktrace.o
                0x00000000001046c6                stacktrace
 .text          0x0000000000104872       0xed binaries/suspend.o
                0x0000000000104872                suspend
 .text          0x000000000010495f       0xf8 binaries/unsleep.o
                0x000000000010495f                unsleep
 .text          0x0000000000104a57       0x2d binaries/userret.o
                0x0000000000104a57                userret
 .text          0x0000000000104a84       0xf4 binaries/wait.o
                0x0000000000104a84                wait
 .text          0x0000000000104b78       0x9c binaries/wakeup.o
                0x0000000000104b78                wakeup
 .text          0x0000000000104c14       0x90 binaries/write.o
                0x0000000000104c14                write
 .text          0x0000000000104ca4       0x33 binaries/xdone.o
                0x0000000000104ca4                xdone
 .text          0x0000000000104cd7       0x3b binaries/yield.o
                0x0000000000104cd7                yield
 .text          0x0000000000104d12       0x1f binaries/abs.o
                0x0000000000104d12                abs
 .text          0x0000000000104d31       0x9e binaries/atoi.o
                0x0000000000104d31                atoi
 .text          0x0000000000104dcf       0x9e binaries/atol.o
                0x0000000000104dcf                atol
 .text          0x0000000000104e6d       0x40 binaries/bzero.o
                0x0000000000104e6d                bzero
 .text          0x0000000000104ead        0x0 binaries/ctype_.o
 .text          0x0000000000104ead      0x96b binaries/doprnt.o
                0x0000000000104ead                _doprnt
 .text          0x0000000000105818      0x709 binaries/doscan.o
                0x0000000000105818                _doscan
 .text.__x86.get_pc_thunk.di
                0x0000000000105f21        0x4 binaries/doscan.o
                0x0000000000105f21                __x86.get_pc_thunk.di
 .text          0x0000000000105f25      0x788 binaries/fdoprnt.o
                0x0000000000105f25                _fdoprnt
 .text          0x00000000001066ad       0x3d binaries/fgetc.o
                0x00000000001066ad                fgetc
 .text          0x00000000001066ea       0x88 binaries/fgets.o
                0x00000000001066ea                fgets
 .text          0x0000000000106772       0x40 binaries/fprintf.o
                0x0000000000106772                fprintf
 .text          0x00000000001067b2       0x40 binaries/fputc.o
                0x00000000001067b2                fputc
 .text          0x00000000001067f2       0x56 binaries/fputs.o
                0x00000000001067f2                fputs
 .text          0x0000000000106848       0xc2 binaries/fscanf.o
                0x0000000000106848                fscanf
 .text          0x000000000010690a       0x44 binaries/getchar.o
                0x000000000010690a                getchar
 .text          0x000000000010694e       0x1f binaries/labs.o
                0x000000000010694e                labs
 .text          0x000000000010696d        0x0 binaries/memchr.o
 .text          0x000000000010696d       0x5f binaries/memcmp.o
                0x000000000010696d                memcmp
 .text          0x00000000001069cc       0x34 binaries/memcpy.o
                0x00000000001069cc                memcpy
 .text          0x0000000000106a00       0x3e binaries/memset.o
                0x0000000000106a00                memset
 .text          0x0000000000106a3e       0x5a binaries/printf.o
                0x0000000000106a3e                printf
 .text          0x0000000000106a98       0x47 binaries/putchar.o
                0x0000000000106a98                putchar
 .text          0x0000000000106adf      0x2bf binaries/qsort.o
                0x0000000000106adf                qsort
 .text          0x0000000000106d9e       0x8d binaries/rand.o
                0x0000000000106d9e                rand
                0x0000000000106dc6                rand_r
                0x0000000000106e0e                srand
 .text          0x0000000000106e2b       0x8a binaries/sprintf.o
                0x0000000000106e2b                sprintf
 .text          0x0000000000106eb5       0xa4 binaries/sscanf.o
                0x0000000000106eb5                sscanf
 .text          0x0000000000106f59       0x4a binaries/strchr.o
                0x0000000000106f59                strchr
 .text          0x0000000000106fa3       0x53 binaries/strcmp.o
                0x0000000000106fa3                strcmp
 .text          0x0000000000106ff6       0x35 binaries/strcpy.o
                0x0000000000106ff6                strcpy
 .text          0x000000000010702b       0x34 binaries/strlen.o
                0x000000000010702b                strlen
 .text          0x000000000010705f       0x64 binaries/strncat.o
                0x000000000010705f                strncat
 .text          0x00000000001070c3       0x6c binaries/strncmp.o
                0x00000000001070c3                strncmp
 .text          0x000000000010712f       0x5d binaries/strncpy.o
                0x000000000010712f                strncpy
 .text          0x000000000010718c       0x3c binaries/strnlen.o
                0x000000000010718c                strnlen
 .text          0x00000000001071c8       0x53 binaries/strrchr.o
                0x00000000001071c8                strrchr
 .text          0x000000000010721b       0x7c binaries/strstr.o
                0x000000000010721b                strstr
 .text          0x0000000000107297      0x100 binaries/ttycontrol.o
                0x0000000000107297                ttycontrol
 .text          0x0000000000107397       0xaf binaries/ttygetc.o
                0x0000000000107397                ttygetc
 .text          0x0000000000107446      0x73b binaries/ttyhandle_in.o
                0x0000000000107446                ttyhandle_in
 .text          0x0000000000107b81      0x1c5 binaries/ttyhandle_out.o
                0x0000000000107b81                ttyhandle_out
 .text          0x0000000000107d46       0xec binaries/ttyhandler.o
                0x0000000000107d46                ttyhandler
 .text          0x0000000000107e32      0x241 binaries/ttyinit.o
                0x0000000000107e32                ttyinit
 .text          0x0000000000108073       0x2f binaries/ttykickout.o
                0x0000000000108073                ttykickout
 .text          0x00000000001080a2       0xcd binaries/ttyputc.o
                0x00000000001080a2                ttyputc
 .text          0x000000000010816f      0x12f binaries/ttyread.o
                0x000000000010816f                ttyread
 .text          0x000000000010829e       0x60 binaries/ttywrite.o
                0x000000000010829e                ttywrite
 .text          0x00000000001082fe      0x17c binaries/mount.o
                0x00000000001082fe                mount
                0x0000000000108436                namlen
 .text          0x000000000010847a      0x224 binaries/naminit.o
                0x000000000010847a                naminit
 .text          0x000000000010869e      0x24f binaries/nammap.o
                0x000000000010869e                nammap
                0x000000000010873f                namrepl
                0x000000000010888f                namcpy
 .text          0x00000000001088ed       0x61 binaries/namopen.o
                0x00000000001088ed                namopen
 .text          0x000000000010894e       0x18 binaries/ramclose.o
                0x000000000010894e                ramclose
 .text          0x0000000000108966       0x5c binaries/raminit.o
                0x0000000000108966                raminit
 .text          0x00000000001089c2       0x18 binaries/ramopen.o
                0x00000000001089c2                ramopen
 .text          0x00000000001089da       0x4b binaries/ramread.o
                0x00000000001089da                ramread
 .text          0x0000000000108a25       0x4b binaries/ramwrite.o
                0x0000000000108a25                ramwrite
 .text          0x0000000000108a70       0xc8 binaries/lfdballoc.o
                0x0000000000108a70                lfdballoc
 .text          0x0000000000108b38       0x70 binaries/lfdbfree.o
                0x0000000000108b38                lfdbfree
 .text          0x0000000000108ba8       0xe4 binaries/lfflush.o
                0x0000000000108ba8                lfflush
 .text          0x0000000000108c8c       0xed binaries/lfgetmode.o
                0x0000000000108c8c                lfgetmode
 .text          0x0000000000108d79       0x96 binaries/lfiballoc.o
                0x0000000000108d79                lfiballoc
 .text          0x0000000000108e0f       0x49 binaries/lfibclear.o
                0x0000000000108e0f                lfibclear
 .text          0x0000000000108e58       0xc0 binaries/lfibget.o
                0x0000000000108e58                lfibget
 .text          0x0000000000108f18       0xef binaries/lfibput.o
                0x0000000000108f18                lfibput
 .text          0x0000000000109007       0xbf binaries/lflclose.o
                0x0000000000109007                lflclose
 .text          0x00000000001090c6       0xf1 binaries/lflcontrol.o
                0x00000000001090c6                lflcontrol
 .text          0x00000000001091b7      0x108 binaries/lflgetc.o
                0x00000000001091b7                lflgetc
 .text          0x00000000001092bf      0x104 binaries/lflinit.o
                0x00000000001092bf                lflinit
 .text          0x00000000001093c3      0x13e binaries/lflputc.o
                0x00000000001093c3                lflputc
 .text          0x0000000000109501       0x83 binaries/lflread.o
                0x0000000000109501                lflread
 .text          0x0000000000109584       0xc2 binaries/lflseek.o
                0x0000000000109584                lflseek
 .text          0x0000000000109646       0x68 binaries/lflwrite.o
                0x0000000000109646                lflwrite
 .text          0x00000000001096ae       0x70 binaries/lfscheck.o
                0x00000000001096ae                lfscheck
 .text          0x000000000010971e      0x198 binaries/lfsckfmt.o
                0x000000000010971e                lfsckfmt
 .text          0x00000000001098b6      0x1c2 binaries/lfscreate.o
                0x00000000001098b6                lfscreate
 .text          0x0000000000109a78      0x2a7 binaries/lfsetup.o
                0x0000000000109a78                lfsetup
 .text          0x0000000000109d1f       0x83 binaries/lfsinit.o
                0x0000000000109d1f                lfsinit
 .text          0x0000000000109da2      0x415 binaries/lfsopen.o
                0x0000000000109da2                lfsopen
 .text          0x000000000010a1b7      0x18e binaries/lftruncate.o
                0x000000000010a1b7                lftruncate
 .text          0x000000000010a345      0x14c binaries/addargs.o
                0x000000000010a345                addargs
 .text          0x000000000010a491      0x2df binaries/lexan.o
                0x000000000010a491                lexan
 .text          0x000000000010a770      0x6cc binaries/shell.o
                0x000000000010a770                shell
 .text          0x000000000010ae3c       0x82 binaries/xsh_argecho.o
                0x000000000010ae3c                xsh_argecho
 .text          0x000000000010aebe      0x282 binaries/xsh_cat.o
                0x000000000010aebe                xsh_cat
 .text          0x000000000010b140       0x77 binaries/xsh_clear.o
                0x000000000010b140                xsh_clear
 .text          0x000000000010b1b7      0x2c6 binaries/xsh_date.o
                0x000000000010b1b7                xsh_date
 .text          0x000000000010b47d       0xc8 binaries/xsh_devdump.o
                0x000000000010b47d                xsh_devdump
 .text          0x000000000010b545       0x8b binaries/xsh_echo.o
                0x000000000010b545                xsh_echo
 .text          0x000000000010b5d0       0x18 binaries/xsh_exit.o
                0x000000000010b5d0                xsh_exit
 .text          0x000000000010b5e8      0x3dc binaries/xsh_help.o
                0x000000000010b5e8                xsh_help
 .text          0x000000000010b9c4      0x265 binaries/xsh_kill.o
                0x000000000010b9c4                xsh_kill
 .text          0x000000000010bc29      0x588 binaries/xsh_memdump.o
                0x000000000010bc29                xsh_memdump
 .text          0x000000000010c1b1      0x306 binaries/xsh_memstat.o
                0x000000000010c1b1                xsh_memstat
 .text          0x000000000010c4b7      0x26a binaries/xsh_ps.o
                0x000000000010c4b7                xsh_ps
 .text          0x000000000010c721      0x243 binaries/xsh_sleep.o
                0x000000000010c721                xsh_sleep
 .text          0x000000000010c964      0x223 binaries/xsh_uptime.o
                0x000000000010c964                xsh_uptime
 .text          0x000000000010cb87        0xe binaries/clkdisp.o
                0x000000000010cb87                clkdisp
 .text          0x000000000010cb95       0x19 binaries/ctxsw.o
                0x000000000010cb95                ctxsw
 .text          0x000000000010cbae      0x2ca binaries/intr.o
                0x000000000010cbae                disable
                0x000000000010cbb7                restore
                0x000000000010cbc5                enable
                0x000000000010cbc7                pause
                0x000000000010cbce                halt
                0x000000000010cbd1                spurious_irq7
                0x000000000010cbd6                spurious_irq15
                0x000000000010cbe5                _Xint0
                0x000000000010cbed                _Xint1
                0x000000000010cbf5                _Xint2
                0x000000000010cbfd                _Xint3
                0x000000000010cc05                _Xint4
                0x000000000010cc0d                _Xint5
                0x000000000010cc18                _Xint6
                0x000000000010cc20                _Xint7
                0x000000000010cc28                _Xint8
                0x000000000010cc30                _Xint9
                0x000000000010cc38                _Xint10
                0x000000000010cc40                _Xint11
                0x000000000010cc48                _Xint12
                0x000000000010cc50                _Xint13
                0x000000000010cc58                _Xint14
                0x000000000010cc63                _Xint15
                0x000000000010cc6e                _Xint16
                0x000000000010cc79                _Xint17
                0x000000000010cc84                _Xint18
                0x000000000010cc8f                _Xint19
                0x000000000010cc9a                _Xint20
                0x000000000010cca5                _Xint21
                0x000000000010ccb0                _Xint22
                0x000000000010ccbb                _Xint23
                0x000000000010ccc6                _Xint24
                0x000000000010ccd1                _Xint25
                0x000000000010ccdc                _Xint26
                0x000000000010cce7                _Xint27
                0x000000000010ccf2                _Xint28
                0x000000000010ccfd                _Xint29
                0x000000000010cd08                _Xint30
                0x000000000010cd13                _Xint31
                0x000000000010cd1e                _Xint32
                0x000000000010cd29                _Xint33
                0x000000000010cd34                _Xint34
                0x000000000010cd3f                _Xint35
                0x000000000010cd4a                _Xint36
                0x000000000010cd55                _Xint37
                0x000000000010cd60                _Xint38
                0x000000000010cd6b                _Xint40
                0x000000000010cd76                _Xint41
                0x000000000010cd81                _Xint42
                0x000000000010cd8c                _Xint43
                0x000000000010cd97                _Xint44
                0x000000000010cda2                _Xint45
                0x000000000010cdad                _Xint46
                0x000000000010cdb8                defevec
 .text          0x000000000010ce78       0x10 binaries/ttydispatch.o
                0x000000000010ce78                ttydispatch
 *(.rodata .rodata.*)
 .rodata        0x000000000010ce88       0x8e binaries/ascdate.o
 .rodata        0x000000000010cf16       0x52 binaries/conf.o
 .rodata        0x000000000010cf68        0xe binaries/create.o
 *fill*         0x000000000010cf76        0x2 
 .rodata        0x000000000010cf78      0x231 binaries/evec.o
 *fill*         0x000000000010d1a9        0x3 
 .rodata        0x000000000010d1ac       0xed binaries/initialize.o
 *fill*         0x000000000010d299        0x3 
 .rodata        0x000000000010d29c       0x20 binaries/kill.o
 .rodata        0x000000000010d2bc       0x10 binaries/main.o
 .rodata        0x000000000010d2cc       0x3e binaries/meminit.o
 .rodata        0x000000000010d30a        0xf binaries/panic.o
 .rodata        0x000000000010d319       0x1d binaries/ptinit.o
 *fill*         0x000000000010d336        0x2 
 .rodata        0x000000000010d338       0x25 binaries/ptsend.o
 *fill*         0x000000000010d35d        0x3 
 .rodata        0x000000000010d360       0xb7 binaries/stacktrace.o
 *fill*         0x000000000010d417        0x1 
 .rodata        0x000000000010d418       0x27 binaries/xdone.o
 *fill*         0x000000000010d43f        0x1 
 .rodata        0x000000000010d440       0x81 binaries/ctype_.o
                0x000000000010d440                _ctype_
 *fill*         0x000000000010d4c1        0x3 
 .rodata        0x000000000010d4c4       0xee binaries/doprnt.o
 *fill*         0x000000000010d5b2        0x2 
 .rodata        0x000000000010d5b4       0xae binaries/fdoprnt.o
 *fill*         0x000000000010d662        0x2 
 .rodata        0x000000000010d664       0x20 binaries/ttycontrol.o
 .rodata        0x000000000010d684       0x34 binaries/ttyhandler.o
 .rodata        0x000000000010d6b8       0x80 binaries/naminit.o
 .rodata        0x000000000010d738        0x9 binaries/raminit.o
 *fill*         0x000000000010d741        0x3 
 .rodata        0x000000000010d744       0x37 binaries/lfdballoc.o
 .rodata        0x000000000010d77b       0x14 binaries/lfiballoc.o
 *fill*         0x000000000010d78f        0x1 
 .rodata        0x000000000010d790       0x23 binaries/lflcontrol.o
 *fill*         0x000000000010d7b3        0x1 
 .rodata        0x000000000010d7b4      0x11b binaries/lfsckfmt.o
 *fill*         0x000000000010d8cf        0x1 
 .rodata        0x000000000010d8d0       0x2a binaries/lfsopen.o
 *fill*         0x000000000010d8fa        0x2 
 .rodata        0x000000000010d8fc      0x299 binaries/shell.o
 .rodata        0x000000000010db95       0x28 binaries/xsh_argecho.o
 *fill*         0x000000000010dbbd        0x3 
 .rodata        0x000000000010dbc0       0xc9 binaries/xsh_cat.o
 .rodata        0x000000000010dc89       0x19 binaries/xsh_clear.o
 *fill*         0x000000000010dca2        0x2 
 .rodata        0x000000000010dca4      0x1a5 binaries/xsh_date.o
 .rodata        0x000000000010de49       0x5d binaries/xsh_devdump.o
 .rodata        0x000000000010dea6        0x9 binaries/xsh_echo.o
 *fill*         0x000000000010deaf        0x1 
 .rodata        0x000000000010deb0      0x169 binaries/xsh_help.o
 *fill*         0x000000000010e019        0x3 
 .rodata        0x000000000010e01c      0x12e binaries/xsh_kill.o
 *fill*         0x000000000010e14a        0x2 
 .rodata        0x000000000010e14c      0x266 binaries/xsh_memdump.o
 *fill*         0x000000000010e3b2        0x2 
 .rodata        0x000000000010e3b4      0x225 binaries/xsh_memstat.o
 *fill*         0x000000000010e5d9        0x3 
 .rodata        0x000000000010e5dc      0x1a8 binaries/xsh_ps.o
 .rodata        0x000000000010e784       0xeb binaries/xsh_sleep.o
 *fill*         0x000000000010e86f        0x1 
 .rodata        0x000000000010e870      0x105 binaries/xsh_uptime.o
                0x000000000010e975                etext = ABSOLUTE (.)
                0x000000000010f000                . = ALIGN (0x1000)
 *fill*         0x000000000010e975      0x68b 

.eh_frame       0x000000000010f000     0x2084
 .eh_frame      0x000000000010f000       0x50 binaries/ascdate.o
 .eh_frame      0x000000000010f050       0x34 binaries/bufinit.o
                                         0x4c (size before relaxing)
 .eh_frame      0x000000000010f084       0x38 binaries/chprio.o
                                         0x50 (size before relaxing)
 .eh_frame      0x000000000010f0bc       0x28 binaries/clkhandler.o
                                         0x54 (size before relaxing)
 .eh_frame      0x000000000010f0e4       0x24 binaries/clkinit.o
                                         0x50 (size before relaxing)
 .eh_frame      0x000000000010f108       0x24 binaries/close.o
                                         0x50 (size before relaxing)
 .eh_frame      0x000000000010f12c       0x24 binaries/control.o
                                         0x50 (size before relaxing)
 .eh_frame      0x000000000010f150       0x48 binaries/create.o
                                         0x88 (size before relaxing)
 .eh_frame      0x000000000010f198       0x90 binaries/evec.o
                                         0xd0 (size before relaxing)
 .eh_frame      0x000000000010f228       0x24 binaries/exit.o
                                         0x50 (size before relaxing)
 .eh_frame      0x000000000010f24c       0x24 binaries/freebuf.o
                                         0x50 (size before relaxing)
 .eh_frame      0x000000000010f270       0x24 binaries/freemem.o
                                         0x50 (size before relaxing)
 .eh_frame      0x000000000010f294       0x24 binaries/getbuf.o
                                         0x50 (size before relaxing)
 .eh_frame      0x000000000010f2b8       0x24 binaries/getc.o
                                         0x50 (size before relaxing)
 .eh_frame      0x000000000010f2dc       0x24 binaries/getdev.o
                                         0x50 (size before relaxing)
 .eh_frame      0x000000000010f300       0x78 binaries/getitem.o
                                         0xa4 (size before relaxing)
 .eh_frame      0x000000000010f378       0x24 binaries/getmem.o
                                         0x50 (size before relaxing)
 .eh_frame      0x000000000010f39c       0x20 binaries/getpid.o
                                         0x4c (size before relaxing)
 .eh_frame      0x000000000010f3bc       0x24 binaries/getprio.o
                                         0x50 (size before relaxing)
 .eh_frame      0x000000000010f3e0       0x24 binaries/getstk.o
                                         0x50 (size before relaxing)
 .eh_frame      0x000000000010f404       0x20 binaries/getticks.o
                                         0x4c (size before relaxing)
 .eh_frame      0x000000000010f424       0x20 binaries/gettime.o
                                         0x4c (size before relaxing)
 .eh_frame      0x000000000010f444       0x20 binaries/getutime.o
                                         0x4c (size before relaxing)
 .eh_frame      0x000000000010f464       0x24 binaries/init.o
                                         0x50 (size before relaxing)
 .eh_frame      0x000000000010f488       0xa4 binaries/initialize.o
                                         0xe4 (size before relaxing)
 .eh_frame      0x000000000010f52c       0x64 binaries/insert.o
                                         0x90 (size before relaxing)
 .eh_frame      0x000000000010f590       0x28 binaries/insertd.o
                                         0x54 (size before relaxing)
 .eh_frame      0x000000000010f5b8       0x20 binaries/ioerr.o
                                         0x4c (size before relaxing)
 .eh_frame      0x000000000010f5d8       0x20 binaries/ionull.o
                                         0x4c (size before relaxing)
 .eh_frame      0x000000000010f5f8       0x2c binaries/kill.o
                                         0x58 (size before relaxing)
 .eh_frame      0x000000000010f624       0x6c binaries/kprintf.o
                                         0xac (size before relaxing)
 .eh_frame      0x000000000010f690       0xec binaries/main.o
                                        0x12c (size before relaxing)
 .eh_frame      0x000000000010f77c       0x48 binaries/mark.o
                                         0x74 (size before relaxing)
 .eh_frame      0x000000000010f7c4       0x54 binaries/meminit.o
                                         0x94 (size before relaxing)
 .eh_frame      0x000000000010f818       0x24 binaries/mkbufpool.o
                                         0x50 (size before relaxing)
 .eh_frame      0x000000000010f83c       0x24 binaries/newqueue.o
                                         0x50 (size before relaxing)
 .eh_frame      0x000000000010f860       0x24 binaries/open.o
                                         0x50 (size before relaxing)
 .eh_frame      0x000000000010f884       0x1c binaries/panic.o
                                         0x48 (size before relaxing)
 .eh_frame      0x000000000010f8a0       0x40 binaries/platinit.o
                                         0x6c (size before relaxing)
 .eh_frame      0x000000000010f8e0       0x24 binaries/ptclear.o
                                         0x50 (size before relaxing)
 .eh_frame      0x000000000010f904       0x24 binaries/ptcount.o
                                         0x50 (size before relaxing)
 .eh_frame      0x000000000010f928       0x24 binaries/ptcreate.o
                                         0x50 (size before relaxing)
 .eh_frame      0x000000000010f94c       0x24 binaries/ptdelete.o
                                         0x50 (size before relaxing)
 .eh_frame      0x000000000010f970       0x24 binaries/ptinit.o
                                         0x50 (size before relaxing)
 .eh_frame      0x000000000010f994       0x24 binaries/ptrecv.o
                                         0x50 (size before relaxing)
 .eh_frame      0x000000000010f9b8       0x24 binaries/ptreset.o
                                         0x50 (size before relaxing)
 .eh_frame      0x000000000010f9dc       0x24 binaries/ptsend.o
                                         0x50 (size before relaxing)
 .eh_frame      0x000000000010fa00       0x24 binaries/putc.o
                                         0x50 (size before relaxing)
 .eh_frame      0x000000000010fa24       0x48 binaries/queue.o
                                         0x88 (size before relaxing)
 .eh_frame      0x000000000010fa6c       0x24 binaries/read.o
                                         0x50 (size before relaxing)
 .eh_frame      0x000000000010fa90       0x28 binaries/ready.o
                                         0x54 (size before relaxing)
 .eh_frame      0x000000000010fab8       0x24 binaries/receive.o
                                         0x50 (size before relaxing)
 .eh_frame      0x000000000010fadc       0x24 binaries/recvclr.o
                                         0x50 (size before relaxing)
 .eh_frame      0x000000000010fb00       0x24 binaries/recvtime.o
                                         0x50 (size before relaxing)
 .eh_frame      0x000000000010fb24       0x40 binaries/remain.o
                                         0x6c (size before relaxing)
 .eh_frame      0x000000000010fb64       0xb4 binaries/resched.o
                                         0xf4 (size before relaxing)
 .eh_frame      0x000000000010fc18       0x24 binaries/resume.o
                                         0x50 (size before relaxing)
 .eh_frame      0x000000000010fc3c       0x24 binaries/seek.o
                                         0x50 (size before relaxing)
 .eh_frame      0x000000000010fc60       0x24 binaries/semcount.o
                                         0x50 (size before relaxing)
 .eh_frame      0x000000000010fc84       0x48 binaries/semcreate.o
                                         0x88 (size before relaxing)
 .eh_frame      0x000000000010fccc       0x24 binaries/semdelete.o
                                         0x50 (size before relaxing)
 .eh_frame      0x000000000010fcf0       0x24 binaries/semreset.o
                                         0x50 (size before relaxing)
 .eh_frame      0x000000000010fd14       0x24 binaries/send.o
                                         0x50 (size before relaxing)
 .eh_frame      0x000000000010fd38       0x24 binaries/signal.o
                                         0x50 (size before relaxing)
 .eh_frame      0x000000000010fd5c       0x24 binaries/signaln.o
                                         0x50 (size before relaxing)
 .eh_frame      0x000000000010fd80       0x44 binaries/sleep.o
                                         0x84 (size before relaxing)
 .eh_frame      0x000000000010fdc4       0x24 binaries/stacktrace.o
                                         0x50 (size before relaxing)
 .eh_frame      0x000000000010fde8       0x24 binaries/suspend.o
                                         0x50 (size before relaxing)
 .eh_frame      0x000000000010fe0c       0x24 binaries/unsleep.o
                                         0x50 (size before relaxing)
 .eh_frame      0x000000000010fe30       0x24 binaries/userret.o
                                         0x50 (size before relaxing)
 .eh_frame      0x000000000010fe54       0x24 binaries/wait.o
                                         0x50 (size before relaxing)
 .eh_frame      0x000000000010fe78       0x24 binaries/wakeup.o
                                         0x50 (size before relaxing)
 .eh_frame      0x000000000010fe9c       0x24 binaries/write.o
                                         0x50 (size before relaxing)
 .eh_frame      0x000000000010fec0       0x24 binaries/xdone.o
                                         0x50 (size before relaxing)
 .eh_frame      0x000000000010fee4       0x24 binaries/yield.o
                                         0x50 (size before relaxing)
 .eh_frame      0x000000000010ff08       0x20 binaries/abs.o
                                         0x4c (size before relaxing)
 .eh_frame      0x000000000010ff28       0x20 binaries/atoi.o
                                         0x4c (size before relaxing)
 .eh_frame      0x000000000010ff48       0x20 binaries/atol.o
                                         0x4c (size before relaxing)
 .eh_frame      0x000000000010ff68       0x20 binaries/bzero.o
                                         0x4c (size before relaxing)
 .eh_frame      0x000000000010ff88       0xec binaries/doprnt.o
                                        0x140 (size before relaxing)
 .eh_frame      0x0000000000110074       0xc8 binaries/doscan.o
                                         0xf4 (size before relaxing)
 .eh_frame      0x000000000011013c       0xcc binaries/fdoprnt.o
                                        0x10c (size before relaxing)
 .eh_frame      0x0000000000110208       0x24 binaries/fgetc.o
                                         0x50 (size before relaxing)
 .eh_frame      0x000000000011022c       0x24 binaries/fgets.o
                                         0x50 (size before relaxing)
 .eh_frame      0x0000000000110250       0x24 binaries/fprintf.o
                                         0x50 (size before relaxing)
 .eh_frame      0x0000000000110274       0x24 binaries/fputc.o
                                         0x50 (size before relaxing)
 .eh_frame      0x0000000000110298       0x24 binaries/fputs.o
                                         0x50 (size before relaxing)
 .eh_frame      0x00000000001102bc       0x68 binaries/fscanf.o
                                         0x94 (size before relaxing)
 .eh_frame      0x0000000000110324       0x24 binaries/getchar.o
                                         0x50 (size before relaxing)
 .eh_frame      0x0000000000110348       0x20 binaries/labs.o
                                         0x4c (size before relaxing)
 .eh_frame      0x0000000000110368       0x20 binaries/memcmp.o
                                         0x4c (size before relaxing)
 .eh_frame      0x0000000000110388       0x28 binaries/memcpy.o
                                         0x54 (size before relaxing)
 .eh_frame      0x00000000001103b0       0x24 binaries/memset.o
                                         0x50 (size before relaxing)
 .eh_frame      0x00000000001103d4       0x24 binaries/printf.o
                                         0x50 (size before relaxing)
 .eh_frame      0x00000000001103f8       0x24 binaries/putchar.o
                                         0x50 (size before relaxing)
 .eh_frame      0x000000000011041c       0xa4 binaries/qsort.o
                                         0xd0 (size before relaxing)
 .eh_frame      0x00000000001104c0       0x60 binaries/rand.o
                                         0x8c (size before relaxing)
 .eh_frame      0x0000000000110520       0x44 binaries/sprintf.o
                                         0x70 (size before relaxing)
 .eh_frame      0x0000000000110564       0x64 binaries/sscanf.o
                                         0x90 (size before relaxing)
 .eh_frame      0x00000000001105c8       0x20 binaries/strchr.o
                                         0x4c (size before relaxing)
 .eh_frame      0x00000000001105e8       0x20 binaries/strcmp.o
                                         0x4c (size before relaxing)
 .eh_frame      0x0000000000110608       0x20 binaries/strcpy.o
                                         0x4c (size before relaxing)
 .eh_frame      0x0000000000110628       0x20 binaries/strlen.o
                                         0x4c (size before relaxing)
 .eh_frame      0x0000000000110648       0x20 binaries/strncat.o
                                         0x4c (size before relaxing)
 .eh_frame      0x0000000000110668       0x20 binaries/strncmp.o
                                         0x4c (size before relaxing)
 .eh_frame      0x0000000000110688       0x28 binaries/strncpy.o
                                         0x54 (size before relaxing)
 .eh_frame      0x00000000001106b0       0x20 binaries/strnlen.o
                                         0x4c (size before relaxing)
 .eh_frame      0x00000000001106d0       0x20 binaries/strrchr.o
                                         0x4c (size before relaxing)
 .eh_frame      0x00000000001106f0       0x20 binaries/strstr.o
                                         0x4c (size before relaxing)
 .eh_frame      0x0000000000110710       0x24 binaries/ttycontrol.o
                                         0x50 (size before relaxing)
 .eh_frame      0x0000000000110734       0x24 binaries/ttygetc.o
                                         0x50 (size before relaxing)
 .eh_frame      0x0000000000110758       0x88 binaries/ttyhandle_in.o
                                         0xdc (size before relaxing)
 .eh_frame      0x00000000001107e0       0x24 binaries/ttyhandle_out.o
                                         0x50 (size before relaxing)
 .eh_frame      0x0000000000110804       0x24 binaries/ttyhandler.o
                                         0x50 (size before relaxing)
 .eh_frame      0x0000000000110828       0x24 binaries/ttyinit.o
                                         0x50 (size before relaxing)
 .eh_frame      0x000000000011084c       0x24 binaries/ttykickout.o
                                         0x50 (size before relaxing)
 .eh_frame      0x0000000000110870       0x24 binaries/ttyputc.o
                                         0x50 (size before relaxing)
 .eh_frame      0x0000000000110894       0x24 binaries/ttyread.o
                                         0x50 (size before relaxing)
 .eh_frame      0x00000000001108b8       0x24 binaries/ttywrite.o
                                         0x50 (size before relaxing)
 .eh_frame      0x00000000001108dc       0x44 binaries/mount.o
                                         0x84 (size before relaxing)
 .eh_frame      0x0000000000110920       0x24 binaries/naminit.o
                                         0x50 (size before relaxing)
 .eh_frame      0x0000000000110944       0x68 binaries/nammap.o
                                         0xa8 (size before relaxing)
 .eh_frame      0x00000000001109ac       0x24 binaries/namopen.o
                                         0x50 (size before relaxing)
 .eh_frame      0x00000000001109d0       0x20 binaries/ramclose.o
                                         0x4c (size before relaxing)
 .eh_frame      0x00000000001109f0       0x24 binaries/raminit.o
                                         0x50 (size before relaxing)
 .eh_frame      0x0000000000110a14       0x20 binaries/ramopen.o
                                         0x4c (size before relaxing)
 .eh_frame      0x0000000000110a34       0x24 binaries/ramread.o
                                         0x50 (size before relaxing)
 .eh_frame      0x0000000000110a58       0x24 binaries/ramwrite.o
                                         0x50 (size before relaxing)
 .eh_frame      0x0000000000110a7c       0x24 binaries/lfdballoc.o
                                         0x50 (size before relaxing)
 .eh_frame      0x0000000000110aa0       0x24 binaries/lfdbfree.o
                                         0x50 (size before relaxing)
 .eh_frame      0x0000000000110ac4       0x24 binaries/lfflush.o
                                         0x50 (size before relaxing)
 .eh_frame      0x0000000000110ae8       0x20 binaries/lfgetmode.o
                                         0x4c (size before relaxing)
 .eh_frame      0x0000000000110b08       0x24 binaries/lfiballoc.o
                                         0x50 (size before relaxing)
 .eh_frame      0x0000000000110b2c       0x20 binaries/lfibclear.o
                                         0x4c (size before relaxing)
 .eh_frame      0x0000000000110b4c       0x24 binaries/lfibget.o
                                         0x50 (size before relaxing)
 .eh_frame      0x0000000000110b70       0x24 binaries/lfibput.o
                                         0x50 (size before relaxing)
 .eh_frame      0x0000000000110b94       0x24 binaries/lflclose.o
                                         0x50 (size before relaxing)
 .eh_frame      0x0000000000110bb8       0x24 binaries/lflcontrol.o
                                         0x50 (size before relaxing)
 .eh_frame      0x0000000000110bdc       0x24 binaries/lflgetc.o
                                         0x50 (size before relaxing)
 .eh_frame      0x0000000000110c00       0x24 binaries/lflinit.o
                                         0x50 (size before relaxing)
 .eh_frame      0x0000000000110c24       0x24 binaries/lflputc.o
                                         0x50 (size before relaxing)
 .eh_frame      0x0000000000110c48       0x24 binaries/lflread.o
                                         0x50 (size before relaxing)
 .eh_frame      0x0000000000110c6c       0x24 binaries/lflseek.o
                                         0x50 (size before relaxing)
 .eh_frame      0x0000000000110c90       0x24 binaries/lflwrite.o
                                         0x50 (size before relaxing)
 .eh_frame      0x0000000000110cb4       0x20 binaries/lfscheck.o
                                         0x4c (size before relaxing)
 .eh_frame      0x0000000000110cd4       0x24 binaries/lfsckfmt.o
                                         0x50 (size before relaxing)
 .eh_frame      0x0000000000110cf8       0x24 binaries/lfscreate.o
                                         0x50 (size before relaxing)
 .eh_frame      0x0000000000110d1c       0x24 binaries/lfsetup.o
                                         0x50 (size before relaxing)
 .eh_frame      0x0000000000110d40       0x24 binaries/lfsinit.o
                                         0x50 (size before relaxing)
 .eh_frame      0x0000000000110d64       0x24 binaries/lfsopen.o
                                         0x50 (size before relaxing)
 .eh_frame      0x0000000000110d88       0x24 binaries/lftruncate.o
                                         0x50 (size before relaxing)
 .eh_frame      0x0000000000110dac       0x24 binaries/addargs.o
                                         0x50 (size before relaxing)
 .eh_frame      0x0000000000110dd0       0x20 binaries/lexan.o
                                         0x4c (size before relaxing)
 .eh_frame      0x0000000000110df0       0x2c binaries/shell.o
                                         0x58 (size before relaxing)
 .eh_frame      0x0000000000110e1c       0x24 binaries/xsh_argecho.o
                                         0x50 (size before relaxing)
 .eh_frame      0x0000000000110e40       0x24 binaries/xsh_cat.o
                                         0x50 (size before relaxing)
 .eh_frame      0x0000000000110e64       0x24 binaries/xsh_clear.o
                                         0x50 (size before relaxing)
 .eh_frame      0x0000000000110e88       0x24 binaries/xsh_date.o
                                         0x50 (size before relaxing)
 .eh_frame      0x0000000000110eac       0x24 binaries/xsh_devdump.o
                                         0x50 (size before relaxing)
 .eh_frame      0x0000000000110ed0       0x24 binaries/xsh_echo.o
                                         0x50 (size before relaxing)
 .eh_frame      0x0000000000110ef4       0x20 binaries/xsh_exit.o
                                         0x4c (size before relaxing)
 .eh_frame      0x0000000000110f14       0x24 binaries/xsh_help.o
                                         0x50 (size before relaxing)
 .eh_frame      0x0000000000110f38       0x24 binaries/xsh_kill.o
                                         0x50 (size before relaxing)
 .eh_frame      0x0000000000110f5c       0x44 binaries/xsh_memdump.o
                                         0x84 (size before relaxing)
 .eh_frame      0x0000000000110fa0       0x6c binaries/xsh_memstat.o
                                         0x98 (size before relaxing)
 .eh_frame      0x000000000011100c       0x30 binaries/xsh_ps.o
                                         0x5c (size before relaxing)
 .eh_frame      0x000000000011103c       0x24 binaries/xsh_sleep.o
                                         0x50 (size before relaxing)
 .eh_frame      0x0000000000111060       0x24 binaries/xsh_uptime.o
                                         0x50 (size before relaxing)

.iplt           0x0000000000111084        0x0
 .iplt          0x0000000000111084        0x0 binaries/start.o

.rel.dyn        0x0000000000111084        0x0
 .rel.got       0x0000000000111084        0x0 binaries/start.o
 .rel.iplt      0x0000000000111084        0x0 binaries/start.o
 .rel.text      0x0000000000111084        0x0 binaries/start.o

.data           0x00000000001110a0      0xf60
                0x00000000001110a0                data = ABSOLUTE (.)
 *(.data .data.*)
 .data          0x00000000001110a0      0x83a binaries/start.o
                0x00000000001110a0                gdt
                0x00000000001110d0                idt
                0x00000000001118d6                cpudelay
 .data          0x00000000001118da        0x0 binaries/ascdate.o
 *fill*         0x00000000001118da        0x6 
 .data.rel.local
                0x00000000001118e0       0x88 binaries/ascdate.o
                0x00000000001118e0                Date
 .data          0x0000000000111968        0x0 binaries/bufinit.o
 .data          0x0000000000111968        0x0 binaries/chprio.o
 .data          0x0000000000111968        0x0 binaries/clkhandler.o
 .data          0x0000000000111968        0x0 binaries/clkinit.o
 .data          0x0000000000111968        0x0 binaries/close.o
 .data          0x0000000000111968        0x0 binaries/conf.o
 *fill*         0x0000000000111968       0x18 
 .data.rel      0x0000000000111980      0x294 binaries/conf.o
                0x0000000000111980                devtab
 .data          0x0000000000111c14        0x0 binaries/control.o
 .data          0x0000000000111c14        0x4 binaries/create.o
 .data          0x0000000000111c18        0x0 binaries/evec.o
 *fill*         0x0000000000111c18        0x8 
 .data.rel.local
                0x0000000000111c20       0x40 binaries/evec.o
                0x0000000000111c20                inames
 .data          0x0000000000111c60        0x0 binaries/exit.o
 .data          0x0000000000111c60        0x0 binaries/freebuf.o
 .data          0x0000000000111c60        0x0 binaries/freemem.o
 .data          0x0000000000111c60        0x0 binaries/getbuf.o
 .data          0x0000000000111c60        0x0 binaries/getc.o
 .data          0x0000000000111c60        0x0 binaries/getdev.o
 .data          0x0000000000111c60        0x0 binaries/getitem.o
 .data          0x0000000000111c60        0x0 binaries/getmem.o
 .data          0x0000000000111c60        0x0 binaries/getpid.o
 .data          0x0000000000111c60        0x0 binaries/getprio.o
 .data          0x0000000000111c60        0x0 binaries/getstk.o
 .data          0x0000000000111c60        0x0 binaries/getticks.o
 .data          0x0000000000111c60        0x0 binaries/gettime.o
 .data          0x0000000000111c60        0x0 binaries/getutime.o
 .data          0x0000000000111c60        0x0 binaries/init.o
 .data          0x0000000000111c60        0x0 binaries/initialize.o
 .data          0x0000000000111c60        0x0 binaries/insert.o
 .data          0x0000000000111c60        0x0 binaries/insertd.o
 .data          0x0000000000111c60        0x0 binaries/ioerr.o
 .data          0x0000000000111c60        0x0 binaries/ionull.o
 .data          0x0000000000111c60        0x0 binaries/kill.o
 .data          0x0000000000111c60        0x0 binaries/kprintf.o
 .data          0x0000000000111c60        0x0 binaries/main.o
 .data          0x0000000000111c60        0x0 binaries/mark.o
 .data          0x0000000000111c60       0x40 binaries/meminit.o
                0x0000000000111c60                bootsign
                0x0000000000111c64                bootinfo
                0x0000000000111c80                gdt_copy
 .data          0x0000000000111ca0        0x0 binaries/mkbufpool.o
 .data          0x0000000000111ca0        0x2 binaries/newqueue.o
 .data          0x0000000000111ca2        0x0 binaries/open.o
 .data          0x0000000000111ca2        0x0 binaries/panic.o
 .data          0x0000000000111ca2        0x0 binaries/platinit.o
 .data          0x0000000000111ca2        0x0 binaries/ptclear.o
 .data          0x0000000000111ca2        0x0 binaries/ptcount.o
 .data          0x0000000000111ca2        0x0 binaries/ptcreate.o
 .data          0x0000000000111ca2        0x0 binaries/ptdelete.o
 .data          0x0000000000111ca2        0x0 binaries/ptinit.o
 .data          0x0000000000111ca2        0x0 binaries/ptrecv.o
 .data          0x0000000000111ca2        0x0 binaries/ptreset.o
 .data          0x0000000000111ca2        0x0 binaries/ptsend.o
 .data          0x0000000000111ca2        0x0 binaries/putc.o
 .data          0x0000000000111ca2        0x0 binaries/queue.o
 .data          0x0000000000111ca2        0x0 binaries/read.o
 .data          0x0000000000111ca2        0x0 binaries/ready.o
 .data          0x0000000000111ca2        0x0 binaries/receive.o
 .data          0x0000000000111ca2        0x0 binaries/recvclr.o
 .data          0x0000000000111ca2        0x0 binaries/recvtime.o
 .data          0x0000000000111ca2        0x0 binaries/remain.o
 .data          0x0000000000111ca2        0x0 binaries/resched.o
 .data          0x0000000000111ca2        0x0 binaries/resume.o
 .data          0x0000000000111ca2        0x0 binaries/seek.o
 .data          0x0000000000111ca2        0x0 binaries/semcount.o
 .data          0x0000000000111ca2        0x0 binaries/semcreate.o
 .data          0x0000000000111ca2        0x0 binaries/semdelete.o
 .data          0x0000000000111ca2        0x0 binaries/semreset.o
 .data          0x0000000000111ca2        0x0 binaries/send.o
 .data          0x0000000000111ca2        0x0 binaries/signal.o
 .data          0x0000000000111ca2        0x0 binaries/signaln.o
 .data          0x0000000000111ca2        0x0 binaries/sleep.o
 .data          0x0000000000111ca2        0x0 binaries/stacktrace.o
 .data          0x0000000000111ca2        0x0 binaries/suspend.o
 .data          0x0000000000111ca2        0x0 binaries/unsleep.o
 .data          0x0000000000111ca2        0x0 binaries/userret.o
 .data          0x0000000000111ca2        0x0 binaries/wait.o
 .data          0x0000000000111ca2        0x0 binaries/wakeup.o
 .data          0x0000000000111ca2        0x0 binaries/write.o
 .data          0x0000000000111ca2        0x0 binaries/xdone.o
 .data          0x0000000000111ca2        0x0 binaries/yield.o
 .data          0x0000000000111ca2        0x0 binaries/abs.o
 .data          0x0000000000111ca2        0x0 binaries/atoi.o
 .data          0x0000000000111ca2        0x0 binaries/atol.o
 .data          0x0000000000111ca2        0x0 binaries/bzero.o
 .data          0x0000000000111ca2        0x0 binaries/ctype_.o
 .data          0x0000000000111ca2        0x0 binaries/doprnt.o
 *fill*         0x0000000000111ca2       0x1e 
 .data          0x0000000000111cc0       0x80 binaries/doscan.o
                0x0000000000111cc0                _sctab
 .data          0x0000000000111d40        0x0 binaries/fdoprnt.o
 .data          0x0000000000111d40        0x0 binaries/fgetc.o
 .data          0x0000000000111d40        0x0 binaries/fgets.o
 .data          0x0000000000111d40        0x0 binaries/fprintf.o
 .data          0x0000000000111d40        0x0 binaries/fputc.o
 .data          0x0000000000111d40        0x0 binaries/fputs.o
 .data          0x0000000000111d40        0x0 binaries/fscanf.o
 .data          0x0000000000111d40        0x0 binaries/getchar.o
 .data          0x0000000000111d40        0x0 binaries/labs.o
 .data          0x0000000000111d40        0x0 binaries/memchr.o
 .data          0x0000000000111d40        0x0 binaries/memcmp.o
 .data          0x0000000000111d40        0x0 binaries/memcpy.o
 .data          0x0000000000111d40        0x0 binaries/memset.o
 .data          0x0000000000111d40        0x0 binaries/printf.o
 .data          0x0000000000111d40        0x0 binaries/putchar.o
 .data          0x0000000000111d40        0x0 binaries/qsort.o
 .data          0x0000000000111d40        0x4 binaries/rand.o
 .data          0x0000000000111d44        0x0 binaries/sprintf.o
 .data          0x0000000000111d44        0x0 binaries/sscanf.o
 .data          0x0000000000111d44        0x0 binaries/strchr.o
 .data          0x0000000000111d44        0x0 binaries/strcmp.o
 .data          0x0000000000111d44        0x0 binaries/strcpy.o
 .data          0x0000000000111d44        0x0 binaries/strlen.o
 .data          0x0000000000111d44        0x0 binaries/strncat.o
 .data          0x0000000000111d44        0x0 binaries/strncmp.o
 .data          0x0000000000111d44        0x0 binaries/strncpy.o
 .data          0x0000000000111d44        0x0 binaries/strnlen.o
 .data          0x0000000000111d44        0x0 binaries/strrchr.o
 .data          0x0000000000111d44        0x0 binaries/strstr.o
 .data          0x0000000000111d44        0x0 binaries/ttycontrol.o
 .data          0x0000000000111d44        0x0 binaries/ttygetc.o
 .data          0x0000000000111d44        0x0 binaries/ttyhandle_in.o
 .data          0x0000000000111d44        0x0 binaries/ttyhandle_out.o
 .data          0x0000000000111d44        0x0 binaries/ttyhandler.o
 .data          0x0000000000111d44        0x0 binaries/ttyinit.o
 .data          0x0000000000111d44        0x0 binaries/ttykickout.o
 .data          0x0000000000111d44        0x0 binaries/ttyputc.o
 .data          0x0000000000111d44        0x0 binaries/ttyread.o
 .data          0x0000000000111d44        0x0 binaries/ttywrite.o
 .data          0x0000000000111d44        0x0 binaries/mount.o
 .data          0x0000000000111d44        0x0 binaries/naminit.o
 .data          0x0000000000111d44        0x0 binaries/nammap.o
 .data          0x0000000000111d44        0x0 binaries/namopen.o
 .data          0x0000000000111d44        0x0 binaries/ramclose.o
 .data          0x0000000000111d44        0x0 binaries/raminit.o
 .data          0x0000000000111d44        0x0 binaries/ramopen.o
 .data          0x0000000000111d44        0x0 binaries/ramread.o
 .data          0x0000000000111d44        0x0 binaries/ramwrite.o
 .data          0x0000000000111d44        0x0 binaries/lfdballoc.o
 .data          0x0000000000111d44        0x0 binaries/lfdbfree.o
 .data          0x0000000000111d44        0x0 binaries/lfflush.o
 .data          0x0000000000111d44        0x0 binaries/lfgetmode.o
 .data          0x0000000000111d44        0x0 binaries/lfiballoc.o
 .data          0x0000000000111d44        0x0 binaries/lfibclear.o
 .data          0x0000000000111d44        0x0 binaries/lfibget.o
 .data          0x0000000000111d44        0x0 binaries/lfibput.o
 .data          0x0000000000111d44        0x0 binaries/lflclose.o
 .data          0x0000000000111d44        0x0 binaries/lflcontrol.o
 .data          0x0000000000111d44        0x0 binaries/lflgetc.o
 .data          0x0000000000111d44        0x0 binaries/lflinit.o
 .data          0x0000000000111d44        0x0 binaries/lflputc.o
 .data          0x0000000000111d44        0x0 binaries/lflread.o
 .data          0x0000000000111d44        0x0 binaries/lflseek.o
 .data          0x0000000000111d44        0x0 binaries/lflwrite.o
 .data          0x0000000000111d44        0x0 binaries/lfscheck.o
 .data          0x0000000000111d44        0x0 binaries/lfsckfmt.o
 .data          0x0000000000111d44        0x0 binaries/lfscreate.o
 .data          0x0000000000111d44        0x0 binaries/lfsetup.o
 .data          0x0000000000111d44        0x0 binaries/lfsinit.o
 .data          0x0000000000111d44        0x0 binaries/lfsopen.o
 .data          0x0000000000111d44        0x0 binaries/lftruncate.o
 .data          0x0000000000111d44        0x0 binaries/addargs.o
 .data          0x0000000000111d44        0x0 binaries/lexan.o
 .data          0x0000000000111d44        0x4 binaries/shell.o
                0x0000000000111d44                ncmd
 *fill*         0x0000000000111d48       0x18 
 .data.rel.ro   0x0000000000111d60       0xb4 binaries/shell.o
                0x0000000000111d60                cmdtab
 .data          0x0000000000111e14        0x0 binaries/xsh_argecho.o
 .data          0x0000000000111e14        0x0 binaries/xsh_cat.o
 .data          0x0000000000111e14        0x0 binaries/xsh_clear.o
 .data          0x0000000000111e14        0x0 binaries/xsh_date.o
 .data          0x0000000000111e14        0x0 binaries/xsh_devdump.o
 .data          0x0000000000111e14        0x0 binaries/xsh_echo.o
 .data          0x0000000000111e14        0x0 binaries/xsh_exit.o
 .data          0x0000000000111e14        0x0 binaries/xsh_help.o
 .data          0x0000000000111e14        0x0 binaries/xsh_kill.o
 .data          0x0000000000111e14        0x0 binaries/xsh_memdump.o
 .data          0x0000000000111e14        0x0 binaries/xsh_memstat.o
 *fill*         0x0000000000111e14        0xc 
 .data          0x0000000000111e20       0x20 binaries/xsh_ps.o
 .data          0x0000000000111e40        0x0 binaries/xsh_sleep.o
 .data          0x0000000000111e40        0x0 binaries/xsh_uptime.o
 .data          0x0000000000111e40        0x0 binaries/clkdisp.o
 .data          0x0000000000111e40        0x0 binaries/ctxsw.o
 .data          0x0000000000111e40        0x0 binaries/intr.o
                0x0000000000111e40                _saveint
 .data          0x0000000000111e40        0x0 binaries/ttydispatch.o
                0x0000000000111e40                edata = ABSOLUTE (.)
                0x0000000000112000                . = ALIGN (0x1000)
 *fill*         0x0000000000111e40      0x1c0 

.got            0x0000000000112000        0x0
 .got           0x0000000000112000        0x0 binaries/start.o

.got.plt        0x0000000000112000        0xc
 .got.plt       0x0000000000112000        0xc binaries/start.o
                0x0000000000112000                _GLOBAL_OFFSET_TABLE_

.igot.plt       0x000000000011200c        0x0
 .igot.plt      0x000000000011200c        0x0 binaries/start.o

.bss            0x0000000000112020    0x1efe0
                0x0000000000112020                bss = ABSOLUTE (.)
 *(.bss .bss.*)
 .bss           0x0000000000112020        0x0 binaries/start.o
 .bss           0x0000000000112020        0x0 binaries/ascdate.o
 .bss           0x0000000000112020        0x0 binaries/bufinit.o
 .bss           0x0000000000112020        0x0 binaries/chprio.o
 .bss           0x0000000000112020        0x0 binaries/clkhandler.o
 .bss           0x0000000000112020        0x0 binaries/clkinit.o
 .bss           0x0000000000112020        0x0 binaries/close.o
 .bss           0x0000000000112020        0x0 binaries/conf.o
 .bss           0x0000000000112020        0x0 binaries/control.o
 .bss           0x0000000000112020        0x0 binaries/create.o
 .bss           0x0000000000112020        0x0 binaries/evec.o
 .bss           0x0000000000112020        0x0 binaries/exit.o
 .bss           0x0000000000112020        0x0 binaries/freebuf.o
 .bss           0x0000000000112020        0x0 binaries/freemem.o
 .bss           0x0000000000112020        0x0 binaries/getbuf.o
 .bss           0x0000000000112020        0x0 binaries/getc.o
 .bss           0x0000000000112020        0x0 binaries/getdev.o
 .bss           0x0000000000112020        0x0 binaries/getitem.o
 .bss           0x0000000000112020        0x0 binaries/getmem.o
 .bss           0x0000000000112020        0x0 binaries/getpid.o
 .bss           0x0000000000112020        0x0 binaries/getprio.o
 .bss           0x0000000000112020        0x0 binaries/getstk.o
 .bss           0x0000000000112020        0x0 binaries/getticks.o
 .bss           0x0000000000112020        0x0 binaries/gettime.o
 .bss           0x0000000000112020        0x0 binaries/getutime.o
 .bss           0x0000000000112020        0x0 binaries/init.o
 .bss           0x0000000000112020        0x0 binaries/initialize.o
 .bss           0x0000000000112020        0x0 binaries/insert.o
 .bss           0x0000000000112020        0x0 binaries/insertd.o
 .bss           0x0000000000112020        0x0 binaries/ioerr.o
 .bss           0x0000000000112020        0x0 binaries/ionull.o
 .bss           0x0000000000112020        0x0 binaries/kill.o
 .bss           0x0000000000112020        0x0 binaries/kprintf.o
 .bss           0x0000000000112020        0x0 binaries/main.o
 .bss           0x0000000000112020        0x0 binaries/mark.o
 .bss           0x0000000000112020        0x0 binaries/meminit.o
 .bss           0x0000000000112020        0x0 binaries/mkbufpool.o
 .bss           0x0000000000112020        0x0 binaries/newqueue.o
 .bss           0x0000000000112020        0x0 binaries/open.o
 .bss           0x0000000000112020        0x0 binaries/panic.o
 .bss           0x0000000000112020        0x0 binaries/platinit.o
 .bss           0x0000000000112020        0x0 binaries/ptclear.o
 .bss           0x0000000000112020        0x0 binaries/ptcount.o
 .bss           0x0000000000112020        0x0 binaries/ptcreate.o
 .bss           0x0000000000112020        0x0 binaries/ptdelete.o
 .bss           0x0000000000112020        0x0 binaries/ptinit.o
 .bss           0x0000000000112020        0x0 binaries/ptrecv.o
 .bss           0x0000000000112020        0x0 binaries/ptreset.o
 .bss           0x0000000000112020        0x0 binaries/ptsend.o
 .bss           0x0000000000112020        0x0 binaries/putc.o
 .bss           0x0000000000112020        0x0 binaries/queue.o
 .bss           0x0000000000112020        0x0 binaries/read.o
 .bss           0x0000000000112020        0x0 binaries/ready.o
 .bss           0x0000000000112020        0x0 binaries/receive.o
 .bss           0x0000000000112020        0x0 binaries/recvclr.o
 .bss           0x0000000000112020        0x0 binaries/recvtime.o
 .bss           0x0000000000112020        0x0 binaries/remain.o
 .bss           0x0000000000112020        0x0 binaries/resched.o
 .bss           0x0000000000112020        0x0 binaries/resume.o
 .bss           0x0000000000112020        0x0 binaries/seek.o
 .bss           0x0000000000112020        0x0 binaries/semcount.o
 .bss           0x0000000000112020        0x4 binaries/semcreate.o
 .bss           0x0000000000112024        0x0 binaries/semdelete.o
 .bss           0x0000000000112024        0x0 binaries/semreset.o
 .bss           0x0000000000112024        0x0 binaries/send.o
 .bss           0x0000000000112024        0x0 binaries/signal.o
 .bss           0x0000000000112024        0x0 binaries/signaln.o
 .bss           0x0000000000112024        0x0 binaries/sleep.o
 .bss           0x0000000000112024        0x0 binaries/stacktrace.o
 .bss           0x0000000000112024        0x0 binaries/suspend.o
 .bss           0x0000000000112024        0x0 binaries/unsleep.o
 .bss           0x0000000000112024        0x0 binaries/userret.o
 .bss           0x0000000000112024        0x0 binaries/wait.o
 .bss           0x0000000000112024        0x0 binaries/wakeup.o
 .bss           0x0000000000112024        0x0 binaries/write.o
 .bss           0x0000000000112024        0x0 binaries/xdone.o
 .bss           0x0000000000112024        0x0 binaries/yield.o
 .bss           0x0000000000112024        0x0 binaries/abs.o
 .bss           0x0000000000112024        0x0 binaries/atoi.o
 .bss           0x0000000000112024        0x0 binaries/atol.o
 .bss           0x0000000000112024        0x0 binaries/bzero.o
 .bss           0x0000000000112024        0x0 binaries/ctype_.o
 .bss           0x0000000000112024        0x0 binaries/doprnt.o
 .bss           0x0000000000112024        0x0 binaries/doscan.o
 .bss           0x0000000000112024        0x0 binaries/fdoprnt.o
 .bss           0x0000000000112024        0x0 binaries/fgetc.o
 .bss           0x0000000000112024        0x0 binaries/fgets.o
 .bss           0x0000000000112024        0x0 binaries/fprintf.o
 .bss           0x0000000000112024        0x0 binaries/fputc.o
 .bss           0x0000000000112024        0x0 binaries/fputs.o
 .bss           0x0000000000112024        0x0 binaries/fscanf.o
 .bss           0x0000000000112024        0x0 binaries/getchar.o
 .bss           0x0000000000112024        0x0 binaries/labs.o
 .bss           0x0000000000112024        0x0 binaries/memchr.o
 .bss           0x0000000000112024        0x0 binaries/memcmp.o
 .bss           0x0000000000112024        0x0 binaries/memcpy.o
 .bss           0x0000000000112024        0x0 binaries/memset.o
 .bss           0x0000000000112024        0x0 binaries/printf.o
 .bss           0x0000000000112024        0x0 binaries/putchar.o
 .bss           0x0000000000112024        0x8 binaries/qsort.o
 .bss           0x000000000011202c        0x0 binaries/rand.o
 .bss           0x000000000011202c        0x0 binaries/sprintf.o
 .bss           0x000000000011202c        0x0 binaries/sscanf.o
 .bss           0x000000000011202c        0x0 binaries/strchr.o
 .bss           0x000000000011202c        0x0 binaries/strcmp.o
 .bss           0x000000000011202c        0x0 binaries/strcpy.o
 .bss           0x000000000011202c        0x0 binaries/strlen.o
 .bss           0x000000000011202c        0x0 binaries/strncat.o
 .bss           0x000000000011202c        0x0 binaries/strncmp.o
 .bss           0x000000000011202c        0x0 binaries/strncpy.o
 .bss           0x000000000011202c        0x0 binaries/strnlen.o
 .bss           0x000000000011202c        0x0 binaries/strrchr.o
 .bss           0x000000000011202c        0x0 binaries/strstr.o
 .bss           0x000000000011202c        0x0 binaries/ttycontrol.o
 .bss           0x000000000011202c        0x0 binaries/ttygetc.o
 .bss           0x000000000011202c        0x0 binaries/ttyhandle_in.o
 .bss           0x000000000011202c        0x0 binaries/ttyhandle_out.o
 .bss           0x000000000011202c        0x0 binaries/ttyhandler.o
 .bss           0x000000000011202c        0x0 binaries/ttyinit.o
 .bss           0x000000000011202c        0x0 binaries/ttykickout.o
 .bss           0x000000000011202c        0x0 binaries/ttyputc.o
 .bss           0x000000000011202c        0x0 binaries/ttyread.o
 .bss           0x000000000011202c        0x0 binaries/ttywrite.o
 .bss           0x000000000011202c        0x0 binaries/mount.o
 .bss           0x000000000011202c        0x0 binaries/naminit.o
 .bss           0x000000000011202c        0x0 binaries/nammap.o
 .bss           0x000000000011202c        0x0 binaries/namopen.o
 .bss           0x000000000011202c        0x0 binaries/ramclose.o
 .bss           0x000000000011202c        0x0 binaries/raminit.o
 .bss           0x000000000011202c        0x0 binaries/ramopen.o
 .bss           0x000000000011202c        0x0 binaries/ramread.o
 .bss           0x000000000011202c        0x0 binaries/ramwrite.o
 .bss           0x000000000011202c        0x0 binaries/lfdballoc.o
 .bss           0x000000000011202c        0x0 binaries/lfdbfree.o
 .bss           0x000000000011202c        0x0 binaries/lfflush.o
 .bss           0x000000000011202c        0x0 binaries/lfgetmode.o
 .bss           0x000000000011202c        0x0 binaries/lfiballoc.o
 .bss           0x000000000011202c        0x0 binaries/lfibclear.o
 .bss           0x000000000011202c        0x0 binaries/lfibget.o
 .bss           0x000000000011202c        0x0 binaries/lfibput.o
 .bss           0x000000000011202c        0x0 binaries/lflclose.o
 .bss           0x000000000011202c        0x0 binaries/lflcontrol.o
 .bss           0x000000000011202c        0x0 binaries/lflgetc.o
 .bss           0x000000000011202c        0x0 binaries/lflinit.o
 .bss           0x000000000011202c        0x0 binaries/lflputc.o
 .bss           0x000000000011202c        0x0 binaries/lflread.o
 .bss           0x000000000011202c        0x0 binaries/lflseek.o
 .bss           0x000000000011202c        0x0 binaries/lflwrite.o
 .bss           0x000000000011202c        0x0 binaries/lfscheck.o
 .bss           0x000000000011202c        0x0 binaries/lfsckfmt.o
 .bss           0x000000000011202c        0x0 binaries/lfscreate.o
 .bss           0x000000000011202c        0x0 binaries/lfsetup.o
 .bss           0x000000000011202c        0x0 binaries/lfsinit.o
 .bss           0x000000000011202c        0x0 binaries/lfsopen.o
 .bss           0x000000000011202c        0x0 binaries/lftruncate.o
 .bss           0x000000000011202c        0x0 binaries/addargs.o
 .bss           0x000000000011202c        0x0 binaries/lexan.o
 .bss           0x000000000011202c        0x0 binaries/shell.o
 .bss           0x000000000011202c        0x0 binaries/xsh_argecho.o
 .bss           0x000000000011202c        0x0 binaries/xsh_cat.o
 .bss           0x000000000011202c        0x0 binaries/xsh_clear.o
 .bss           0x000000000011202c        0x0 binaries/xsh_date.o
 .bss           0x000000000011202c        0x0 binaries/xsh_devdump.o
 .bss           0x000000000011202c        0x0 binaries/xsh_echo.o
 .bss           0x000000000011202c        0x0 binaries/xsh_exit.o
 .bss           0x000000000011202c        0x0 binaries/xsh_help.o
 .bss           0x000000000011202c        0x0 binaries/xsh_kill.o
 .bss           0x000000000011202c        0x0 binaries/xsh_memdump.o
 .bss           0x000000000011202c        0x0 binaries/xsh_memstat.o
 .bss           0x000000000011202c        0x0 binaries/xsh_ps.o
 .bss           0x000000000011202c        0x0 binaries/xsh_sleep.o
 .bss           0x000000000011202c        0x0 binaries/xsh_uptime.o
 .bss           0x000000000011202c        0x0 binaries/clkdisp.o
 .bss           0x000000000011202c        0x0 binaries/ctxsw.o
 .bss           0x000000000011202c        0x0 binaries/intr.o
 .bss           0x000000000011202c        0x0 binaries/ttydispatch.o
 *(COMMON)
 *fill*         0x000000000011202c       0x14 
 COMMON         0x0000000000112040       0xf4 binaries/bufinit.o
                0x0000000000112040                buftab
                0x0000000000112130                nbpools
 COMMON         0x0000000000112134       0x10 binaries/clkinit.o
                0x0000000000112134                sleepq
                0x0000000000112138                preempt
                0x000000000011213c                count1000
                0x0000000000112140                clktime
 COMMON         0x0000000000112144        0x2 binaries/evec.o
                0x0000000000112144                girmask
 *fill*         0x0000000000112146       0x1a 
 COMMON         0x0000000000112160     0x1df8 binaries/initialize.o
                0x0000000000112160                currpid
                0x0000000000112180                proctab
                0x0000000000113a80                prcount
                0x0000000000113aa0                semtab
                0x0000000000113f50                memlist
 *fill*         0x0000000000113f58        0x8 
 COMMON         0x0000000000113f60       0x58 binaries/mark.o
                0x0000000000113f60                marks
                0x0000000000113fb0                nmarks
                0x0000000000113fb4                mkmutex
 COMMON         0x0000000000113fb8        0x8 binaries/meminit.o
                0x0000000000113fb8                minheap
                0x0000000000113fbc                maxheap
 COMMON         0x0000000000113fc0      0x2d8 binaries/ptinit.o
                0x0000000000113fc0                porttab
                0x0000000000114290                ptnextid
                0x0000000000114294                ptfree
 *fill*         0x0000000000114298        0x8 
 COMMON         0x00000000001142a0      0x990 binaries/queue.o
                0x00000000001142a0                queuetab
 COMMON         0x0000000000114c30        0x4 binaries/ready.o
                0x0000000000114c30                readylist
                0x0000000000114c32                sndreadylist
 COMMON         0x0000000000114c34        0x8 binaries/resched.o
                0x0000000000114c34                Defer
 *fill*         0x0000000000114c3c        0x4 
 COMMON         0x0000000000114c40      0x110 binaries/ttyinit.o
                0x0000000000114c40                ttytab
 *fill*         0x0000000000114d50       0x10 
 COMMON         0x0000000000114d60     0x19c0 binaries/naminit.o
                0x0000000000114d60                nnames
                0x0000000000114d80                nametab
 COMMON         0x0000000000116720    0x19000 binaries/raminit.o
                0x0000000000116720                Ram
 COMMON         0x000000000012f720      0xf00 binaries/lflinit.o
                0x000000000012f720                lfltab
 COMMON         0x0000000000130620      0x20c binaries/lfsinit.o
                0x0000000000130620                Lf_data
                0x000000000013082c                ebss = ABSOLUTE (.)
                0x0000000000131000                . = ALIGN (0x1000)
 *fill*         0x000000000013082c      0x7d4 
 */()
                0x0000000000131000                end = ABSOLUTE (.)
                0x0000000000131000                _end = ABSOLUTE (.)
                0x0000000000131000                . = ALIGN (0x1000)
LOAD binaries/start.o
LOAD binaries/ascdate.o
LOAD binaries/bufinit.o
LOAD binaries/chprio.o
LOAD binaries/clkhandler.o
LOAD binaries/clkinit.o
LOAD binaries/close.o
LOAD binaries/conf.o
LOAD binaries/control.o
LOAD binaries/create.o
LOAD binaries/evec.o
LOAD binaries/exit.o
LOAD binaries/freebuf.o
LOAD binaries/freemem.o
LOAD binaries/getbuf.o
LOAD binaries/getc.o
LOAD binaries/getdev.o
LOAD binaries/getitem.o
LOAD binaries/getmem.o
LOAD binaries/getpid.o
LOAD binaries/getprio.o
LOAD binaries/getstk.o
LOAD binaries/getticks.o
LOAD binaries/gettime.o
LOAD binaries/getutime.o
LOAD binaries/init.o
LOAD binaries/initialize.o
LOAD binaries/insert.o
LOAD binaries/insertd.o
LOAD binaries/ioerr.o
LOAD binaries/ionull.o
LOAD binaries/kill.o
LOAD binaries/kprintf.o
LOAD binaries/main.o
LOAD binaries/mark.o
LOAD binaries/meminit.o
LOAD binaries/mkbufpool.o
LOAD binaries/newqueue.o
LOAD binaries/open.o
LOAD binaries/panic.o
LOAD binaries/platinit.o
LOAD binaries/ptclear.o
LOAD binaries/ptcount.o
LOAD binaries/ptcreate.o
LOAD binaries/ptdelete.o
LOAD binaries/ptinit.o
LOAD binaries/ptrecv.o
LOAD binaries/ptreset.o
LOAD binaries/ptsend.o
LOAD binaries/putc.o
LOAD binaries/queue.o
LOAD binaries/read.o
LOAD binaries/ready.o
LOAD binaries/receive.o
LOAD binaries/recvclr.o
LOAD binaries/recvtime.o
LOAD binaries/remain.o
LOAD binaries/resched.o
LOAD binaries/resume.o
LOAD binaries/seek.o
LOAD binaries/semcount.o
LOAD binaries/semcreate.o
LOAD binaries/semdelete.o
LOAD binaries/semreset.o
LOAD binaries/send.o
LOAD binaries/signal.o
LOAD binaries/signaln.o
LOAD binaries/sleep.o
LOAD binaries/stacktrace.o
LOAD binaries/suspend.o
LOAD binaries/unsleep.o
LOAD binaries/userret.o
LOAD binaries/wait.o
LOAD binaries/wakeup.o
LOAD binaries/write.o
LOAD binaries/xdone.o
LOAD binaries/yield.o
LOAD binaries/abs.o
LOAD binaries/atoi.o
LOAD binaries/atol.o
LOAD binaries/bzero.o
LOAD binaries/ctype_.o
LOAD binaries/doprnt.o
LOAD binaries/doscan.o
LOAD binaries/fdoprnt.o
LOAD binaries/fgetc.o
LOAD binaries/fgets.o
LOAD binaries/fprintf.o
LOAD binaries/fputc.o
LOAD binaries/fputs.o
LOAD binaries/fscanf.o
LOAD binaries/getchar.o
LOAD binaries/labs.o
LOAD binaries/memchr.o
LOAD binaries/memcmp.o
LOAD binaries/memcpy.o
LOAD binaries/memset.o
LOAD binaries/printf.o
LOAD binaries/putchar.o
LOAD binaries/qsort.o
LOAD binaries/rand.o
LOAD binaries/sprintf.o
LOAD binaries/sscanf.o
LOAD binaries/strchr.o
LOAD binaries/strcmp.o
LOAD binaries/strcpy.o
LOAD binaries/strlen.o
LOAD binaries/strncat.o
LOAD binaries/strncmp.o
LOAD binaries/strncpy.o
LOAD binaries/strnlen.o
LOAD binaries/strrchr.o
LOAD binaries/strstr.o
LOAD binaries/ttycontrol.o
LOAD binaries/ttygetc.o
LOAD binaries/ttyhandle_in.o
LOAD binaries/ttyhandle_out.o
LOAD binaries/ttyhandler.o
LOAD binaries/ttyinit.o
LOAD binaries/ttykickout.o
LOAD binaries/ttyputc.o
LOAD binaries/ttyread.o
LOAD binaries/ttywrite.o
LOAD binaries/mount.o
LOAD binaries/naminit.o
LOAD binaries/nammap.o
LOAD binaries/namopen.o
LOAD binaries/ramclose.o
LOAD binaries/raminit.o
LOAD binaries/ramopen.o
LOAD binaries/ramread.o
LOAD binaries/ramwrite.o
LOAD binaries/lfdballoc.o
LOAD binaries/lfdbfree.o
LOAD binaries/lfflush.o
LOAD binaries/lfgetmode.o
LOAD binaries/lfiballoc.o
LOAD binaries/lfibclear.o
LOAD binaries/lfibget.o
LOAD binaries/lfibput.o
LOAD binaries/lflclose.o
LOAD binaries/lflcontrol.o
LOAD binaries/lflgetc.o
LOAD binaries/lflinit.o
LOAD binaries/lflputc.o
LOAD binaries/lflread.o
LOAD binaries/lflseek.o
LOAD binaries/lflwrite.o
LOAD binaries/lfscheck.o
LOAD binaries/lfsckfmt.o
LOAD binaries/lfscreate.o
LOAD binaries/lfsetup.o
LOAD binaries/lfsinit.o
LOAD binaries/lfsopen.o
LOAD binaries/lftruncate.o
LOAD binaries/addargs.o
LOAD binaries/lexan.o
LOAD binaries/shell.o
LOAD binaries/xsh_argecho.o
LOAD binaries/xsh_cat.o
LOAD binaries/xsh_clear.o
LOAD binaries/xsh_date.o
LOAD binaries/xsh_devdump.o
LOAD binaries/xsh_echo.o
LOAD binaries/xsh_exit.o
LOAD binaries/xsh_help.o
LOAD binaries/xsh_kill.o
LOAD binaries/xsh_memdump.o
LOAD binaries/xsh_memstat.o
LOAD binaries/xsh_ps.o
LOAD binaries/xsh_sleep.o
LOAD binaries/xsh_uptime.o
LOAD binaries/clkdisp.o
LOAD binaries/ctxsw.o
LOAD binaries/intr.o
LOAD binaries/ttydispatch.o
OUTPUT(../compile/xinu.elf elf32-i386)

.debug_line     0x0000000000000000     0xf2b9
 .debug_line    0x0000000000000000       0xdb binaries/start.o
 .debug_line    0x00000000000000db      0x2d8 binaries/ascdate.o
 .debug_line    0x00000000000003b3      0x122 binaries/bufinit.o
 .debug_line    0x00000000000004d5      0x146 binaries/chprio.o
 .debug_line    0x000000000000061b      0x183 binaries/clkhandler.o
 .debug_line    0x000000000000079e      0x140 binaries/clkinit.o
 .debug_line    0x00000000000008de      0x138 binaries/close.o
 .debug_line    0x0000000000000a16      0x104 binaries/conf.o
 .debug_line    0x0000000000000b1a      0x13a binaries/control.o
 .debug_line    0x0000000000000c54      0x25a binaries/create.o
 .debug_line    0x0000000000000eae      0x23a binaries/evec.o
 .debug_line    0x00000000000010e8      0x11d binaries/exit.o
 .debug_line    0x0000000000001205      0x151 binaries/freebuf.o
 .debug_line    0x0000000000001356      0x1e3 binaries/freemem.o
 .debug_line    0x0000000000001539      0x152 binaries/getbuf.o
 .debug_line    0x000000000000168b      0x137 binaries/getc.o
 .debug_line    0x00000000000017c2      0x147 binaries/getdev.o
 .debug_line    0x0000000000001909      0x166 binaries/getitem.o
 .debug_line    0x0000000000001a6f      0x186 binaries/getmem.o
 .debug_line    0x0000000000001bf5      0x11e binaries/getpid.o
 .debug_line    0x0000000000001d13      0x144 binaries/getprio.o
 .debug_line    0x0000000000001e57      0x182 binaries/getstk.o
 .debug_line    0x0000000000001fd9      0x123 binaries/getticks.o
 .debug_line    0x00000000000020fc      0x121 binaries/gettime.o
 .debug_line    0x000000000000221d      0x123 binaries/getutime.o
 .debug_line    0x0000000000002340      0x137 binaries/init.o
 .debug_line    0x0000000000002477      0x2a3 binaries/initialize.o
 .debug_line    0x000000000000271a      0x1a8 binaries/insert.o
 .debug_line    0x00000000000028c2      0x18a binaries/insertd.o
 .debug_line    0x0000000000002a4c      0x11d binaries/ioerr.o
 .debug_line    0x0000000000002b69      0x11e binaries/ionull.o
 .debug_line    0x0000000000002c87      0x1a5 binaries/kill.o
 .debug_line    0x0000000000002e2c      0x1f6 binaries/kprintf.o
 .debug_line    0x0000000000003022      0x18c binaries/main.o
 .debug_line    0x00000000000031ae      0x17d binaries/mark.o
 .debug_line    0x000000000000332b      0x261 binaries/meminit.o
 .debug_line    0x000000000000358c      0x1bb binaries/mkbufpool.o
 .debug_line    0x0000000000003747      0x152 binaries/newqueue.o
 .debug_line    0x0000000000003899      0x137 binaries/open.o
 .debug_line    0x00000000000039d0      0x123 binaries/panic.o
 .debug_line    0x0000000000003af3      0x128 binaries/platinit.o
 .debug_line    0x0000000000003c1b      0x175 binaries/ptclear.o
 .debug_line    0x0000000000003d90      0x15c binaries/ptcount.o
 .debug_line    0x0000000000003eec      0x188 binaries/ptcreate.o
 .debug_line    0x0000000000004074      0x153 binaries/ptdelete.o
 .debug_line    0x00000000000041c7      0x177 binaries/ptinit.o
 .debug_line    0x000000000000433e      0x190 binaries/ptrecv.o
 .debug_line    0x00000000000044ce      0x14d binaries/ptreset.o
 .debug_line    0x000000000000461b      0x192 binaries/ptsend.o
 .debug_line    0x00000000000047ad      0x137 binaries/putc.o
 .debug_line    0x00000000000048e4      0x186 binaries/queue.o
 .debug_line    0x0000000000004a6a      0x137 binaries/read.o
 .debug_line    0x0000000000004ba1      0x141 binaries/ready.o
 .debug_line    0x0000000000004ce2      0x13d binaries/receive.o
 .debug_line    0x0000000000004e1f      0x13a binaries/recvclr.o
 .debug_line    0x0000000000004f59      0x15b binaries/recvtime.o
 .debug_line    0x00000000000050b4      0x14e binaries/remain.o
 .debug_line    0x0000000000005202      0x23c binaries/resched.o
 .debug_line    0x000000000000543e      0x150 binaries/resume.o
 .debug_line    0x000000000000558e      0x137 binaries/seek.o
 .debug_line    0x00000000000056c5      0x149 binaries/semcount.o
 .debug_line    0x000000000000580e      0x17f binaries/semcreate.o
 .debug_line    0x000000000000598d      0x161 binaries/semdelete.o
 .debug_line    0x0000000000005aee      0x167 binaries/semreset.o
 .debug_line    0x0000000000005c55      0x163 binaries/send.o
 .debug_line    0x0000000000005db8      0x154 binaries/signal.o
 .debug_line    0x0000000000005f0c      0x169 binaries/signaln.o
 .debug_line    0x0000000000006075      0x163 binaries/sleep.o
 .debug_line    0x00000000000061d8      0x1ab binaries/stacktrace.o
 .debug_line    0x0000000000006383      0x175 binaries/suspend.o
 .debug_line    0x00000000000064f8      0x16e binaries/unsleep.o
 .debug_line    0x0000000000006666      0x120 binaries/userret.o
 .debug_line    0x0000000000006786      0x165 binaries/wait.o
 .debug_line    0x00000000000068eb      0x140 binaries/wakeup.o
 .debug_line    0x0000000000006a2b      0x138 binaries/write.o
 .debug_line    0x0000000000006b63      0x11f binaries/xdone.o
 .debug_line    0x0000000000006c82      0x124 binaries/yield.o
 .debug_line    0x0000000000006da6       0x4b binaries/abs.o
 .debug_line    0x0000000000006df1       0x96 binaries/atoi.o
 .debug_line    0x0000000000006e87       0x94 binaries/atol.o
 .debug_line    0x0000000000006f1b       0x67 binaries/bzero.o
 .debug_line    0x0000000000006f82       0x46 binaries/ctype_.o
 .debug_line    0x0000000000006fc8      0x5da binaries/doprnt.o
 .debug_line    0x00000000000075a2      0x3c9 binaries/doscan.o
 .debug_line    0x000000000000796b      0x4db binaries/fdoprnt.o
 .debug_line    0x0000000000007e46       0x4f binaries/fgetc.o
 .debug_line    0x0000000000007e95       0x87 binaries/fgets.o
 .debug_line    0x0000000000007f1c      0x12d binaries/fprintf.o
 .debug_line    0x0000000000008049       0x4f binaries/fputc.o
 .debug_line    0x0000000000008098       0x5d binaries/fputs.o
 .debug_line    0x00000000000080f5       0x82 binaries/fscanf.o
 .debug_line    0x0000000000008177      0x121 binaries/getchar.o
 .debug_line    0x0000000000008298       0x4c binaries/labs.o
 .debug_line    0x00000000000082e4        0x0 binaries/memchr.o
 .debug_line    0x00000000000082e4       0x85 binaries/memcmp.o
 .debug_line    0x0000000000008369       0x53 binaries/memcpy.o
 .debug_line    0x00000000000083bc       0x74 binaries/memset.o
 .debug_line    0x0000000000008430      0x132 binaries/printf.o
 .debug_line    0x0000000000008562      0x121 binaries/putchar.o
 .debug_line    0x0000000000008683      0x1ad binaries/qsort.o
 .debug_line    0x0000000000008830       0x68 binaries/rand.o
 .debug_line    0x0000000000008898       0x8a binaries/sprintf.o
 .debug_line    0x0000000000008922       0x94 binaries/sscanf.o
 .debug_line    0x00000000000089b6       0x74 binaries/strchr.o
 .debug_line    0x0000000000008a2a       0x6d binaries/strcmp.o
 .debug_line    0x0000000000008a97       0x75 binaries/strcpy.o
 .debug_line    0x0000000000008b0c       0x5a binaries/strlen.o
 .debug_line    0x0000000000008b66       0x85 binaries/strncat.o
 .debug_line    0x0000000000008beb       0x9a binaries/strncmp.o
 .debug_line    0x0000000000008c85       0x85 binaries/strncpy.o